Завдання 1. Аналітична платформа для музичного стрімінгового сервісу

Цілі цього завдання:

    Спроєктувати схему в MongoDB, зрозуміти різницю між вкладеними об’єктами та плоскою структурою.
    Навчитися писати запити з фільтрацією, проєкціями та операторами масивів.
    Побудувати аналітичні звіти через багатоетапний Aggregation Pipeline.
    Навчитися профілювати запити через explain(), створювати індекси та об’єктивно доводити їх ефект.


Опис завдання

Ви — data engineer у стартапі, який будує конкурента Spotify. У вас є реальний датасет із треками, і вам потрібно розгорнути базу, привести дані до ладу та побудувати аналітику поверх неї.

Датасет: Spotify Tracks Dataset на Kaggle — близько 114 000 треків із характеристиками: tempo, energy, danceability, valence, popularity та іншими аудіо-фічами.


Хід роботи:

Робота виконується послідовно — кожна частина спирається на результат попередньої. Завершивши частину, переконайтеся, що скрипти запускаються без помилок і дані виглядають коректно, перш ніж рухатися далі.

1. Розгорніть кластер MongoDB Atlas, завантажте датасет у колекцію tracks_raw та трансформуйте його в документо-орієнтовану схему (tracks) через Aggregation Pipeline.

2. Напишіть запити до колекції tracks: фільтрація за вкладеними полями, робота з масивами виконавців, оператори порівняння та діапазонів.

3. Побудуйте аналітичні пайплайни: групування, обчислювані поля, багатоетапні агрегації з $lookup та $unwind.



MongoDB Atlas

MongoDB Atlas — це хмарна платформа для хостингу MongoDB, яку надає сама компанія MongoDB. Замість того, щоб встановлювати та налаштовувати базу даних локально,
ви розгортаєте керований кластер у хмарі (AWS, GCP або Azure) у кілька кліків. Atlas бере на себе резервне копіювання,
моніторинг, оновлення та налаштування Replica Set — вам залишається лише підключитися та працювати з даними.

Для цього завдання достатньо безкоштовного тиру M0 Shared.

Порядок налаштування:

1. Зареєструйтеся на mongodb.com/atlas.

2. Створіть кластер — виберіть провайдера AWS та регіон, найближчий до вас.

3. У розділі Database Access створіть користувача з паролем.

4. У розділі Network Access додайте свій IP (або 0.0.0.0/0 для розробки).

5. Натисніть Connect → Drivers, скопіюйте рядок підключення вигляду mongodb+srv://... — він знадобиться у скриптах.


Atlas M0 вже працює як Replica Set із трьох нод. У цьому завданні вам не потрібно окремо налаштовувати Replica Set — достатньо створити кластер Atlas і використати його для роботи з даними.

Python-залежності

pymongo==4.7.3
pandas==3.0.3
kaggle==1.6.14
python-dotenv==1.0.1
tqdm==4.66.4

MONGO_URI=mongodb+srv://user:password@cluster.mongodb.net/

🔹 Частина 1 — Завантаження даних та проєктування схеми

Ціль: завантажити сирі дані та трансформувати їх у документоорієнтовану схему засобами самої MongoDB.


1.1. Завантаження сирих даних

Виконайте скрипт scripts/01_load_data.py

1.2. Трансформація схеми через Aggregation Pipeline

Сирі дані — плоска структура у CSV. Завдання — трансформувати її в документоорієнтовану схему: вкласти аудіохарактеристики в окремий об’єкт, розбити рядок із виконавцями на масив, додати обчислювані поля.

Напишіть JS-скрипт для MongoDB, який виконає наступні кроки:

1. Створити нову колекцію tracks

    Використовуйте базу spotify.
    Перед трансформацією видаліть стару колекцію tracks, якщо вона існує.

2. Проєкція полів

    Залиште лише потрібні поля для аналізу:track_id, track_name, album_name, explicit, popularity, duration_ms, track_genre та рядок із артистами (artists_raw).

3. Перетворення артистів

    Розбийте рядок артистів по ; та приберіть пробіли навколо кожного імені.
    Збережіть результат у полі artists як масив.

4. Формування аудіо-характеристик та обчислюваних полів

    Створіть вкладений об’єкт audio_features, що включає всі аудіофічі: danceability, energy, loudness, speechiness, acousticness, instrumentalness, liveness, valence, tempo, key, mode, time_signature.
    Додайте поле duration_sec — тривалість треку в секундах (округлена до одного знака).
    Додайте поле popularity_tier:

high — популярність ≥ 70

medium — популярність ≥ 40 і < 70

low — популярність < 40

5. Очищення зайвих полів

    Приберіть вихідні аудіофічі та поле artists_raw.

6. Збереження результату

    Збережіть перетворені документи в колекцію tracks.

7. Перевірка результату

    Виведіть кількість документів у tracks.
    Виведіть один приклад документа для перевірки структури.


// scripts/02_transform.js
// Запуск: mongosh "ВАШ_URI" --file scripts/02_transform.js

!!! МІСЦЕ ДЛЯ ВАШОГО КОДУ !!!


Завдання 2. Виконавці, у яких усі треки популярні

Вважатимемо артиста популярним, якщо у нього є мінімум 3 треки і при цьому мінімальна популярність цих треків становить 60% або вище.

Знайдіть топ-20 таких артистів і виведіть для кожного ім’я артиста кількість треків, мінімальну та середню популярність з точністю до одного знака після коми.

!!! МІСЦЕ ДЛЯ ВАШОГО КОДУ !!!

Завдання 3. Нетипові треки

Визначте треки з незвично високим темпом для їхнього жанру за наступним алгоритмом: спочатку розрахуйте середнє значення tempo за допомогою функції $avg та стандартне відхилення за допомогою $stdDevPop по кожному жанру, потім виберіть треки, у яких tempo перевищує середнє плюс два стандартні відхилення (tempo треку > mean жанру + 2 * stdDev жанру).

У результаті для кожного жанру додайте поля: "avg_tempo" — середній темп, "genre" — назва жанру, "outlier_threshold" — значення порогу для нетипових треків, і "outlier_tracks" — масив об’єктів з інформацією про треки, наприклад:

"avg_tempo": 119,
"genre": "acoustic",
"outlier_threshold": 178.5,
"outlier_tracks": [
  {
    "_id": {"$oid": "69cf9875842453a5f5536f70"},
    "track_name": "The Legend of Olog-hai, Pt. 1",
    "popularity": 31,
    "artists": ["The Bridge City Sinners"],
    "audio_features": {
      "tempo": 182.379
    }
  }
]

!!! МІСЦЕ ДЛЯ ВАШОГО КОДУ !!!


Завдання 4: Треки для фонової роботи

Знайдіть треки, які підходять для фонового прослуховування під час роботи: тихі (loudness < -10), з низькою мовленнєвою складовою (speechiness < 0,1), переважно інструментальні (instrumentalness > 0,5) і не містять explicit-контенту.

!!! МІСЦЕ ДЛЯ ВАШОГО КОДУ !!!


У файлі README надайте відповіді на обов’язкові теоретичні запитання:

1. Для чого використовується інструкція $unwind?

2. Чим $stdDevPop відрізняється від $stdDevSamp?



🔹 Частина 3 — Аналітика через Aggregation Pipeline

У цьому завданні ви навчитеся будувати складні аналітичні запити з використанням Aggregation Pipeline, включаючи групування, обчислювані поля та багатоетапні перетворення даних.

Створіть JS-скрипти, що виконують наступні запити.


Завдання 1. Топ-10 виконавців за середньою популярністю

Знайдіть виконавців, у яких є хоча б 5 треків. Для кожного виконавця порахуйте середню популярність його треків. Потім відсортуйте за спаданням та виберіть топ-10 виконавців. Вивід повинен включати ім’я виконавця та його середню популярність.

!!! МІСЦЕ ДЛЯ ВАШОГО КОДУ !!!

Завдання 2. Розподіл треків за настроєм

Кожному треку присвойте настрій на основі двох полів: valence (позитивність) та energy:

    високий valence + висока energy → happy
    низький valence + висока energy → angry
    високий valence + низька energy → calm
    низький valence + низька energy → sad Порахуйте, скільки треків потрапило до кожної категорії, та виведіть таблицю з настроєм і кількістю треків.

!!! МІСЦЕ ДЛЯ ВАШОГО КОДУ !!!

Завдання 3. Найбільш «танцювальний» жанр

Визначте, який музичний жанр найкраще підходить для танців. Для цього згрупуйте треки за жанрами та обчисліть середні значення танцювальності (danceability), енергії (energy) та позитивності (valence).

Відфільтруйте жанри, в яких налічується менше 100 треків, щоб забезпечити статистичну надійність. У результаті виведіть:

    назву жанру
    середню танцювальність (avg_danceability)
    середню енергію (avg_energy)
    середню позитивність (avg_valence)
    кількість треків у жанрі


 !!! МІСЦЕ ДЛЯ ВАШОГО КОДУ !!!

У файлі README надайте відповіді на обов’язкові теоретичні запитання:

1. У запиті 1 ми фільтруємо виконавців, у яких менше 5 треків. Як зміниться результат, якщо знизити поріг до 1? А що станеться, якщо вибирати виконавців із більш ніж 50 треками? Поясніть результат.

2. У запиті 3 ми фільтруємо жанри з менше ніж 100 треками. Чи зміниться результат, якщо знизити поріг до 50? Поясніть результат.



🔹 Частина 4 — Індекси та оптимізація

У цій частині ви навчитеся аналізувати повільні запити та користуватися індексами.

Усі написані скрипти помістіть у файл part4_indexes.js.

Завдання 1. Аналіз запиту та індексація

Нехай дано наступний запит:

db.tracks.find({
  track_genre: "pop",
  "audio_features.danceability": { $gte: 0.7 }
}).sort({ popularity: -1 }).toArray();

Це ресурсоємний запит, оскільки він поєднує пошук за точним збігом та діапазонний пошук.

Виконайте наступні кроки:

    За допомогою explain() проаналізуйте план виконання запиту без індексів.
    Створіть відповідний індекс.
    Повторно виконайте explain() після створення індексу.
    Усі написані скрипти помістіть у файл part4_indexes.js.


У файлі README надайте відповіді на наступні запитання:

1. Що змінилося в плані виконання?

2. Як зрозуміти, що індекс використовується? Наведіть скріншот або значення полів із explain(), які це підтверджують.

!!! МІСЦЕ ДЛЯ ВАШОГО КОДУ !!!

Завдання 2. Індекс для інших полів

Припустимо, що ви часто шукаєте музику для роботи, використовуючи поля audio_features.instrumentalness, audio_features.speechiness та explicit. Щоб такі запити виконувалися ефективно, створіть складений індекс за цими полями та за допомогою explain() покажіть, що він використовується при виконанні пошуку.

Рішення

!!! МІСЦЕ ДЛЯ ВАШОГО КОДУ !!!


Завдання 3. Покривний запит

Припустимо, що індекс із завдання 1 вже існує.

Дано запит:

db.tracks.find({
  track_genre: "pop",
  popularity: { $gte: 70 }
});

Питання: Чи є цей запит покривним (covered query)? Надайте розгорнуту та обґрунтовану відповідь у файлі README.

Вимоги до README

README — це не просто «звіт для галочки», а документ, за яким ментор зможе відтворити вашу роботу та зрозуміти хід ваших міркувань.

- Налаштування оточення: як запустити проєкт з нуля — встановлення залежностей, заповнення .env, порядок запуску скриптів.

- Схема даних: опишіть підсумкову структуру документа в колекції tracks. Можна навести приклад документа в JSON.

- Відповіді на теоретичні питання з частин 1–3 — розгорнуто, своїми словами, з посиланнями на конкретні поля вашої схеми або результати запитів там, де це доречно.

- Частина 4 — аналіз індексів: для кожного завдання наведіть ключові поля з виводу explain() (до та після індексу) та поясніть, що саме змінилося і чому. Скріншоти Atlas або вивід із термінала — обов’язкові.

- Відповідь на питання про covered query з завдання 4.3 — з обґрунтуванням через поля індексу та проєкцію.



Запит, який синтаксично вірний, але повертає очевидно неправильний результат, НЕ зараховується. Працюючий запит без пояснення в README — аналогічно.